// Jest Snapshot v1, https://goo.gl/fbAQLP

exports[`auto freeze - es5 will freeze maps 1`] = `"[Immer] minified error nr: 2. Find the full error at: https://bit.ly/3cXEKWf"`;

exports[`auto freeze - es5 will freeze maps 2`] = `"[Immer] minified error nr: 2. Find the full error at: https://bit.ly/3cXEKWf"`;

exports[`auto freeze - es5 will freeze maps 3`] = `"[Immer] minified error nr: 2. Find the full error at: https://bit.ly/3cXEKWf"`;

exports[`auto freeze - es5 will freeze sets 1`] = `"[Immer] minified error nr: 2. Find the full error at: https://bit.ly/3cXEKWf"`;

exports[`auto freeze - es5 will freeze sets 2`] = `"[Immer] minified error nr: 2. Find the full error at: https://bit.ly/3cXEKWf"`;

exports[`auto freeze - es5 will freeze sets 3`] = `"[Immer] minified error nr: 2. Find the full error at: https://bit.ly/3cXEKWf"`;

exports[`auto freeze - proxy will freeze maps 1`] = `"[Immer] minified error nr: 2. Find the full error at: https://bit.ly/3cXEKWf"`;

exports[`auto freeze - proxy will freeze maps 2`] = `"[Immer] minified error nr: 2. Find the full error at: https://bit.ly/3cXEKWf"`;

exports[`auto freeze - proxy will freeze maps 3`] = `"[Immer] minified error nr: 2. Find the full error at: https://bit.ly/3cXEKWf"`;

exports[`auto freeze - proxy will freeze sets 1`] = `"[Immer] minified error nr: 2. Find the full error at: https://bit.ly/3cXEKWf"`;

exports[`auto freeze - proxy will freeze sets 2`] = `"[Immer] minified error nr: 2. Find the full error at: https://bit.ly/3cXEKWf"`;

exports[`auto freeze - proxy will freeze sets 3`] = `"[Immer] minified error nr: 2. Find the full error at: https://bit.ly/3cXEKWf"`;
